DEPRECATED: The legacy builder is deprecated and will be removed in a future release.
            Install the buildx component to build images with BuildKit:
            https://docs.docker.com/go/buildx/

Sending build context to Docker daemon   59.9kB

Step 1/10 : FROM public.ecr.aws/docker/library/python:3.10-alpine
 ---> 2db8d978db4d
Step 2/10 : ENV FLASK_RUN_HOST=0.0.0.0
 ---> Running in 8ee9dba37312
 ---> Removed intermediate container 8ee9dba37312
 ---> 2d0f9d1afe5d
Step 3/10 : WORKDIR /
 ---> Running in 5e3d03b18f16
 ---> Removed intermediate container 5e3d03b18f16
 ---> 57e38fde2c04
Step 4/10 : RUN adduser -u 1000 -D app
 ---> Running in 16c846addeaa
 ---> Removed intermediate container 16c846addeaa
 ---> 2e660d277179
Step 5/10 : RUN apk update &&   apk add   pcre   pcre-dev   build-base   gcc   linux-headers   openssl   libffi-dev   && pip install pipenv
 ---> Running in 1bdd66d954b4
v3.24.1-489-g06ad960fd68 [https://dl-cdn.alpinelinux.org/alpine/v3.24/main]
v3.24.1-492-g8315b21aa58 [https://dl-cdn.alpinelinux.org/alpine/v3.24/community]
OK: 28644 distinct packages available
( 1/31) Installing libgcc (15.2.0-r5)
( 2/31) Installing jansson (2.15.0-r0)
( 3/31) Installing libstdc++ (15.2.0-r5)
( 4/31) Installing zstd-libs (1.5.7-r2)
( 5/31) Installing binutils (2.45.1-r1)
( 6/31) Installing libmagic (5.47-r2)
( 7/31) Installing file (5.47-r2)
( 8/31) Installing libgcc-static (15.2.0-r5)
( 9/31) Installing libgomp (15.2.0-r5)
(10/31) Installing libatomic (15.2.0-r5)
(11/31) Installing gmp (6.3.0-r4)
(12/31) Installing isl26 (0.26-r2)
(13/31) Installing mpfr4 (4.2.2-r0)
(14/31) Installing mpc1 (1.3.1-r1)
(15/31) Installing gcc (15.2.0-r5)
(16/31) Installing libstdc++-dev (15.2.0-r5)
(17/31) Installing musl-dev (1.2.6-r2)
(18/31) Installing g++ (15.2.0-r5)
(19/31) Installing make (4.4.1-r4)
(20/31) Installing fortify-headers (3.0.1-r2)
(21/31) Installing patch (2.8-r0)
(22/31) Installing build-base (0.5-r4)
(23/31) Installing linux-headers (7.0.0-r1)
(24/31) Installing pkgconf (2.5.1-r0)
(25/31) Installing libffi-dev (3.5.2-r1)
(26/31) Installing openssl (3.5.8-r0)
(27/31) Installing pcre (8.45-r4)
(28/31) Installing libpcre16 (8.45-r4)
(29/31) Installing libpcre32 (8.45-r4)
(30/31) Installing libpcrecpp (8.45-r4)
(31/31) Installing pcre-dev (8.45-r4)
Executing busybox-1.37.0-r31.trigger
OK: 290.1 MiB in 69 packages
Collecting pipenv
  Downloading pipenv-2026.8.0-py3-none-any.whl (2.5 MB)
     ━━━━━━━━━━━━━━━━━━━━━━━━━━━━━━━━━━━━━━━━ 2.5/2.5 MB 15.7 MB/s eta 0:00:00
Collecting virtualenv>=20.26.6
  Downloading virtualenv-21.7.8-py3-none-any.whl (5.3 MB)
     ━━━━━━━━━━━━━━━━━━━━━━━━━━━━━━━━━━━━━━━━ 5.3/5.3 MB 75.2 MB/s eta 0:00:00
Requirement already satisfied: packaging>=22 in /usr/local/lib/python3.10/site-packages (from pipenv) (26.3)
Collecting certifi
  Downloading certifi-2026.7.22-py3-none-any.whl (136 kB)
     ━━━━━━━━━━━━━━━━━━━━━━━━━━━━━━━━━━━━━━ 137.0/137.0 kB 23.2 MB/s eta 0:00:00
Requirement already satisfied: setuptools>=67 in /usr/local/lib/python3.10/site-packages (from pipenv) (79.0.1)
Collecting typing-extensions>=4.13.2
  Downloading typing_extensions-4.16.0-py3-none-any.whl (45 kB)
     ━━━━━━━━━━━━━━━━━━━━━━━━━━━━━━━━━━━━━━━━ 45.6/45.6 kB 8.5 MB/s eta 0:00:00
Collecting filelock<4,>=3.24.2
  Downloading filelock-3.32.5-py3-none-any.whl (100 kB)
     ━━━━━━━━━━━━━━━━━━━━━━━━━━━━━━━━━━━━━━ 100.0/100.0 kB 17.2 MB/s eta 0:00:00
Collecting python-discovery>=1.6
  Downloading python_discovery-1.6.0-py3-none-any.whl (38 kB)
Collecting platformdirs<5,>=3.9.1
  Downloading platformdirs-4.11.7-py3-none-any.whl (23 kB)
Collecting distlib<1,>=0.3.7
  Downloading distlib-0.4.3-py2.py3-none-any.whl (470 kB)
     ━━━━━━━━━━━━━━━━━━━━━━━━━━━━━━━━━━━━━━ 470.6/470.6 kB 47.9 MB/s eta 0:00:00
Installing collected packages: distlib, typing-extensions, platformdirs, filelock, certifi, python-discovery, virtualenv, pipenv
Successfully installed certifi-2026.7.22 distlib-0.4.3 filelock-3.32.5 pipenv-2026.8.0 platformdirs-4.11.7 python-discovery-1.6.0 typing-extensions-4.16.0 virtualenv-21.7.8
[91mWARNING: Running pip as the 'root' user can result in broken permissions and conflicting behaviour with the system package manager. It is recommended to use a virtual environment instead: https://pip.pypa.io/warnings/venv
[0m[91m
[notice] A new release of pip is available: 23.0.1 -> 26.2.1
[notice] To update, run: pip install --upgrade pip
[0m ---> Removed intermediate container 1bdd66d954b4
 ---> 3f87830493e1
Step 6/10 : RUN mkdir -p /var/www/app && mkdir /app
 ---> Running in c21cd7d11789
 ---> Removed intermediate container c21cd7d11789
 ---> 0c1154f3ec3c
Step 7/10 : COPY Pipfile* /app/
When using COPY with more than one source file, the destination must be a directory and end with a /
